#
# There is insufficient memory for the Java Runtime Environment to continue.
# Native memory allocation (mmap) failed to map 266338304 bytes. Error detail: G1 virtual space
# Possible reasons:
#   The system is out of physical RAM or swap space
#   This process is running with CompressedOops enabled, and the Java Heap may be blocking the growth of the native heap
# Possible solutions:
#   Reduce memory load on the system
#   Increase physical memory or swap space
#   Check if swap backing store is full
#   Decrease Java heap size (-Xmx/-Xms)
#   Decrease number of Java threads
#   Decrease Java thread stack sizes (-Xss)
#   Set larger code cache with -XX:ReservedCodeCacheSize=
#   JVM is running with Zero Based Compressed Oops mode in which the Java heap is
#     placed in the first 32GB address space. The Java Heap base address is the
#     maximum limit for the native heap growth. Please use -XX:HeapBaseMinAddress
#     to set the Java Heap base and to place the Java Heap above 32GB virtual address.
# This output file may be truncated or incomplete.
#
#  Out of Memory Error (os_windows.cpp:3736), pid=19580, tid=4032
#
# JRE version:  (21.0.7+6) (build )
# Java VM: OpenJDK 64-Bit Server VM (21.0.7+6-LTS, mixed mode, sharing, tiered, compressed oops, compressed class ptrs, g1 gc, windows-amd64)
# No core dump will be written. Minidumps are not enabled by default on client versions of Windows
#

---------------  S U M M A R Y ------------

Command Line: 

Host: Intel(R) Core(TM) i5-9300H CPU @ 2.40GHz, 8 cores, 15G,  Windows 11 , 64 bit Build 26100 (10.0.26100.4202)
Time: Tue Jul  8 23:03:20 2025 Hora est. Sudamérica Pacífico elapsed time: 1.212693 seconds (0d 0h 0m 1s)

---------------  T H R E A D  ---------------

Current thread (0x000001fc4887f7b0):  JavaThread "Unknown thread" [_thread_in_vm, id=4032, stack(0x00000054db900000,0x00000054dba00000) (1024K)]

Stack: [0x00000054db900000,0x00000054dba00000]
Native frames: (J=compiled Java code, j=interpreted, Vv=VM code, C=native code)
V  [jvm.dll+0x6d4bb9]
V  [jvm.dll+0x8afa11]
V  [jvm.dll+0x8b1f3e]
V  [jvm.dll+0x8b2623]
V  [jvm.dll+0x280816]
V  [jvm.dll+0x6d1385]
V  [jvm.dll+0x6c552a]
V  [jvm.dll+0x35b978]
V  [jvm.dll+0x3635f6]
V  [jvm.dll+0x3b4b9e]
V  [jvm.dll+0x3b4e48]
V  [jvm.dll+0x32f9bc]
V  [jvm.dll+0x33051b]
V  [jvm.dll+0x878909]
V  [jvm.dll+0x3c1b91]
V  [jvm.dll+0x861973]
V  [jvm.dll+0x456b7e]
V  [jvm.dll+0x4587c1]
C  [jli.dll+0x52a0]
C  [ucrtbase.dll+0x37b0]
C  [KERNEL32.DLL+0x2e8d7]
C  [ntdll.dll+0x3c34c]


---------------  P R O C E S S  ---------------

Threads class SMR info:
_java_thread_list=0x00007ff820cb2108, length=0, elements={
}

Java Threads: ( => current thread )
Total: 0

Other Threads:
  0x000001fc4aceeac0 WorkerThread "GC Thread#0"                     [id=6752, stack(0x00000054dba00000,0x00000054dbb00000) (1024K)]
  0x000001fc4ad00030 ConcurrentGCThread "G1 Main Marker"            [id=15024, stack(0x00000054dbb00000,0x00000054dbc00000) (1024K)]
  0x000001fc4ad019b0 WorkerThread "G1 Conc#0"                       [id=15648, stack(0x00000054dbc00000,0x00000054dbd00000) (1024K)]

[error occurred during error reporting (printing all threads), id 0xc0000005, EXCEPTION_ACCESS_VIOLATION (0xc0000005) at pc=0x00007ff8203b2327]
VM state: not at safepoint (not fully initialized)

VM Mutex/Monitor currently owned by a thread:  ([mutex/lock_event])
[0x00007ff820d26578] Heap_lock - owner thread: 0x000001fc4887f7b0

Heap address: 0x0000000702800000, size: 4056 MB, Compressed Oops mode: Zero based, Oop shift amount: 3

CDS archive(s) mapped at: [0x0000000000000000-0x0000000000000000-0x0000000000000000), size 0, SharedBaseAddress: 0x0000000800000000, ArchiveRelocationMode: 1.
Narrow klass base: 0x0000000000000000, Narrow klass shift: 0, Narrow klass range: 0x0

GC Precious Log:
 CardTable entry size: 512
 Card Set container configuration: InlinePtr #cards 4 size 8 Array Of Cards #cards 16 size 48 Howl #buckets 8 coarsen threshold 3686 Howl Bitmap #cards 512 size 80 coarsen threshold 460 Card regions per heap region 1 cards per card region 4096

Heap:
 garbage-first heap   total 0K, used 0K [0x0000000702800000, 0x0000000800000000)
  region size 2048K, 0 young (0K), 0 survivors (0K)

[error occurred during error reporting (printing heap information), id 0xc0000005, EXCEPTION_ACCESS_VIOLATION (0xc0000005) at pc=0x00007ff82079ea59]
GC Heap History (0 events):
No events

Dll operation events (1 events):
Event: 0.013 Loaded shared library C:\Program Files\Microsoft\jdk-21.0.7.6-hotspot\bin\java.dll

Deoptimization events (0 events):
No events

Classes loaded (0 events):
No events

Classes unloaded (0 events):
No events

Classes redefined (0 events):
No events

Internal exceptions (0 events):
No events

ZGC Phase Switch (0 events):
No events

VM Operations (0 events):
No events

Memory protections (0 events):
No events

Nmethod flushes (0 events):
No events

Events (0 events):
No events


Dynamic libraries:
0x00007ff619130000 - 0x00007ff61913e000 	C:\Program Files\Microsoft\jdk-21.0.7.6-hotspot\bin\java.exe
0x00007ff8e0600000 - 0x00007ff8e0865000 	C:\WINDOWS\SYSTEM32\ntdll.dll
0x00007ff8dfed0000 - 0x00007ff8dff99000 	C:\WINDOWS\System32\KERNEL32.DLL
0x00007ff8dd7f0000 - 0x00007ff8ddbd8000 	C:\WINDOWS\System32\KERNELBASE.dll
0x00007ff8dddb0000 - 0x00007ff8ddefb000 	C:\WINDOWS\System32\ucrtbase.dll
0x00007ff8bdb00000 - 0x00007ff8bdb18000 	C:\Program Files\Microsoft\jdk-21.0.7.6-hotspot\bin\jli.dll
0x00007ff8b52d0000 - 0x00007ff8b52ed000 	C:\Program Files\Microsoft\jdk-21.0.7.6-hotspot\bin\VCRUNTIME140.dll
0x00007ff8df4b0000 - 0x00007ff8df67a000 	C:\WINDOWS\System32\USER32.dll
0x00007ff8c5ab0000 - 0x00007ff8c5d4a000 	C:\WINDOWS\WinSxS\amd64_microsoft.windows.common-controls_6595b64144ccf1df_6.0.26100.4202_none_3e0698d4e335f517\COMCTL32.dll
0x00007ff8de370000 - 0x00007ff8de397000 	C:\WINDOWS\System32\win32u.dll
0x00007ff8dffa0000 - 0x00007ff8e0049000 	C:\WINDOWS\System32\msvcrt.dll
0x00007ff8e0050000 - 0x00007ff8e007b000 	C:\WINDOWS\System32\GDI32.dll
0x00007ff8ddc70000 - 0x00007ff8ddda7000 	C:\WINDOWS\System32\gdi32full.dll
0x00007ff8de140000 - 0x00007ff8de1e3000 	C:\WINDOWS\System32\msvcp_win.dll
0x00007ff8e04f0000 - 0x00007ff8e0520000 	C:\WINDOWS\System32\IMM32.DLL
0x00007ff8d4bf0000 - 0x00007ff8d4bfc000 	C:\Program Files\Microsoft\jdk-21.0.7.6-hotspot\bin\vcruntime140_1.dll
0x00007ff868a00000 - 0x00007ff868a8d000 	C:\Program Files\Microsoft\jdk-21.0.7.6-hotspot\bin\msvcp140.dll
0x00007ff820070000 - 0x00007ff820e08000 	C:\Program Files\Microsoft\jdk-21.0.7.6-hotspot\bin\server\jvm.dll
0x00007ff8e02d0000 - 0x00007ff8e0383000 	C:\WINDOWS\System32\ADVAPI32.dll
0x00007ff8dec40000 - 0x00007ff8dece6000 	C:\WINDOWS\System32\sechost.dll
0x00007ff8def60000 - 0x00007ff8df075000 	C:\WINDOWS\System32\RPCRT4.dll
0x00007ff8de830000 - 0x00007ff8de8a4000 	C:\WINDOWS\System32\WS2_32.dll
0x00007ff8c9420000 - 0x00007ff8c9455000 	C:\WINDOWS\SYSTEM32\WINMM.dll
0x00007ff8d1050000 - 0x00007ff8d105b000 	C:\WINDOWS\SYSTEM32\VERSION.dll
0x00007ff8dcfb0000 - 0x00007ff8dd00e000 	C:\WINDOWS\SYSTEM32\POWRPROF.dll
0x00007ff8dcf40000 - 0x00007ff8dcf54000 	C:\WINDOWS\SYSTEM32\UMPDC.dll
0x00007ff8dc4e0000 - 0x00007ff8dc4fb000 	C:\WINDOWS\SYSTEM32\kernel.appcore.dll
0x00007ff8cbff0000 - 0x00007ff8cbffa000 	C:\Program Files\Microsoft\jdk-21.0.7.6-hotspot\bin\jimage.dll
0x00007ff8c7990000 - 0x00007ff8c7bd1000 	C:\WINDOWS\SYSTEM32\DBGHELP.DLL
0x00007ff8df100000 - 0x00007ff8df485000 	C:\WINDOWS\System32\combase.dll
0x00007ff8e0390000 - 0x00007ff8e0471000 	C:\WINDOWS\System32\OLEAUT32.dll
0x00007ff8bdab0000 - 0x00007ff8bdae9000 	C:\WINDOWS\SYSTEM32\dbgcore.DLL
0x00007ff8dd750000 - 0x00007ff8dd7e9000 	C:\WINDOWS\System32\bcryptPrimitives.dll
0x00007ff8b1740000 - 0x00007ff8b1760000 	C:\Program Files\Microsoft\jdk-21.0.7.6-hotspot\bin\java.dll

dbghelp: loaded successfully - version: 4.0.5 - missing functions: none
symbol engine: initialized successfully - sym options: 0x614 - pdb path: .;C:\Program Files\Microsoft\jdk-21.0.7.6-hotspot\bin;C:\WINDOWS\SYSTEM32;C:\WINDOWS\WinSxS\amd64_microsoft.windows.common-controls_6595b64144ccf1df_6.0.26100.4202_none_3e0698d4e335f517;C:\Program Files\Microsoft\jdk-21.0.7.6-hotspot\bin\server

VM Arguments:
java_command: <unknown>
java_class_path (initial): <not set>
Launcher Type: SUN_STANDARD

[Global flags]
     intx CICompilerCount                          = 4                                         {product} {ergonomic}
     uint ConcGCThreads                            = 2                                         {product} {ergonomic}
     uint G1ConcRefinementThreads                  = 8                                         {product} {ergonomic}
   size_t G1HeapRegionSize                         = 2097152                                   {product} {ergonomic}
    uintx GCDrainStackTargetSize                   = 64                                        {product} {ergonomic}
   size_t InitialHeapSize                          = 266338304                                 {product} {ergonomic}
   size_t MarkStackSize                            = 4194304                                   {product} {ergonomic}
   size_t MaxHeapSize                              = 4253024256                                {product} {ergonomic}
   size_t MinHeapDeltaBytes                        = 2097152                                   {product} {ergonomic}
   size_t MinHeapSize                              = 8388608                                   {product} {ergonomic}
    uintx NonNMethodCodeHeapSize                   = 5839372                                {pd product} {ergonomic}
    uintx NonProfiledCodeHeapSize                  = 122909434                              {pd product} {ergonomic}
    uintx ProfiledCodeHeapSize                     = 122909434                              {pd product} {ergonomic}
    uintx ReservedCodeCacheSize                    = 251658240                              {pd product} {ergonomic}
     bool SegmentedCodeCache                       = true                                      {product} {ergonomic}
   size_t SoftMaxHeapSize                          = 4253024256                             {manageable} {ergonomic}
     bool UseCompressedOops                        = true                           {product lp64_product} {ergonomic}
     bool UseG1GC                                  = true                                      {product} {ergonomic}
     bool UseLargePagesIndividualAllocation        = false                                  {pd product} {ergonomic}

Logging:
Log output configuration:
 #0: stdout all=warning uptime,level,tags foldmultilines=false
 #1: stderr all=off uptime,level,tags foldmultilines=false

Environment Variables:
PATH=C:\Program Files (x86)\Common Files\Oracle\Java\java8path;C:\Program Files (x86)\Common Files\Oracle\Java\javapath;C:\Program Files\Microsoft\jdk-21.0.7.6-hotspot\bin;C:\WINDOWS\system32;C:\WINDOWS;C:\WINDOWS\System32\Wbem;C:\WINDOWS\System32\WindowsPowerShell\v1.0\;C:\WINDOWS\System32\OpenSSH\;C:\Program Files\dotnet\;C:\Program Files\Git\bin;C:\Program Files\nodejs\;C:\Program Files\NVIDIA Corporation\NVIDIA App\NvDLISR;C:\Program Files (x86)\NVIDIA Corporation\PhysX\Common;C:\Users\juani\AppData\Local\Microsoft\WindowsApps;C:\Users\juani\.dotnet\tools;C:\Users\juani\AppData\Local\Programs\Microsoft VS Code\bin;C:\Program Files\dotnet\;C:\Users\juani\AppData\Local\GitHubDesktop\bin;C:\Users\juani\AppData\Roaming\npm
USERNAME=juani
LANG=en_US.UTF-8
OS=Windows_NT
PROCESSOR_IDENTIFIER=Intel64 Family 6 Model 158 Stepping 10, GenuineIntel
TMP=C:\Users\juani\AppData\Local\Temp
TEMP=C:\Users\juani\AppData\Local\Temp




Periodic native trim disabled

---------------  S Y S T E M  ---------------

OS:
 Windows 11 , 64 bit Build 26100 (10.0.26100.4202)
OS uptime: 0 days 4:10 hours
Hyper-V role detected

CPU: total 8 (initial active 8) (4 cores per cpu, 2 threads per core) family 6 model 158 stepping 10 microcode 0xde, cx8, cmov, fxsr, ht, mmx, 3dnowpref, sse, sse2, sse3, ssse3, sse4.1, sse4.2, popcnt, lzcnt, tsc, tscinvbit, avx, avx2, aes, erms, clmul, bmi1, bmi2, adx, fma, vzeroupper, clflush, clflushopt, hv, rdtscp, f16c
Processor Information for the first 8 processors :
  Max Mhz: 2400, Current Mhz: 2400, Mhz Limit: 2400

Memory: 4k page, system-wide physical 16221M (921M free)
TotalPageFile size 19144M (AvailPageFile size 142M)
current process WorkingSet (physical memory assigned to process): 12M, peak: 12M
current process commit charge ("private bytes"): 60M, peak: 314M

vm_info: OpenJDK 64-Bit Server VM (21.0.7+6-LTS) for windows-amd64 JRE (21.0.7+6-LTS), built on 2025-04-09T22:17:25Z by "MicrosoftCorporation" with unknown MS VC++:1939

END.
